
> e-commerce@0.1.0 build
> next build

   Γû▓ Next.js 15.5.14
   - Environments: .env.local

   Creating an optimized production build ...
 Γ£ô Compiled successfully in 3.8s
   Linting and checking validity of types ...
node.exe : 
At line:1 char:1
+ & "C:\apps\nodejs/node.exe" "C:\User
s\HP\AppData\Roaming\npm/node_mod ...
+ ~~~~~~~~~~~~~~~~~~~~~~~~~~~~~~~~~~~~
~~~~~~~~~~~~~~~~~~~~~~~~~~~~~~~~~
    + CategoryInfo          : 
NotSpeci    fied: (:String) [], 
RemoteExceptio    n
    + FullyQualifiedErrorId : 
NativeCo    mmandError
 
Failed to compile.

./src/app/(root)/collections/page.tsx
6:10  Warning: 'Card' is defined but 
never used.  
@typescript-eslint/no-unused-vars

./src/app/(root)/contact/page.tsx
41:85  Error: `'` can be escaped with 
`&apos;`, `&lsquo;`, `&#39;`, 
`&rsquo;`.  
react/no-unescaped-entities
97:51  Error: `'` can be escaped with 
`&apos;`, `&lsquo;`, `&#39;`, 
`&rsquo;`.  
react/no-unescaped-entities

./src/components/Card.tsx
19:7  Warning: 'toneToBg' is assigned 
a value but never used.  
@typescript-eslint/no-unused-vars
34:3  Warning: 'badge' is defined but 
never used.  
@typescript-eslint/no-unused-vars

info  - Need to disable some ESLint 
rules? Learn more here: https://nextjs
.org/docs/app/api-reference/config/esl
int#disabling-rules
